
# ingest started 2026-07-13T18:09:14.471397+00:00 since_last=True concurrency=3 profiles=3

# ingest started 2026-07-13T18:10:28.912374+00:00 since_last=True concurrency=3 profiles=2401

# ingest started 2026-07-13T18:22:38.782241+00:00 since_last=True concurrency=3 profiles=2401

# ingest started 2026-07-13T21:20:37.344454+00:00 since_last=True concurrency=3 profiles=2401

# ingest started 2026-07-13T21:21:41.997994+00:00 since_last=True concurrency=3 profiles=2401

# ingest started 2026-07-17T07:02:09.485124+00:00 since_last=True concurrency=3 profiles=2401
2026-07-17T07:02:22.916016+00:00	error	AGSTRA	Upstox API error [400]: {"status":"error","errors":[{"errorCode":"UDAPI100011","message":"Invalid Instrument key","propertyPath":null,"invalidValue":null,"error_code":"UDAPI100011","property_path":null,"invalid_value":null}]}
2026-07-17T07:02:59.113626+00:00	error	BGLOBAL	Upstox API error [400]: {"status":"error","errors":[{"errorCode":"UDAPI100011","message":"Invalid Instrument key","propertyPath":null,"invalidValue":null,"error_code":"UDAPI100011","property_path":null,"invalid_value":null}]}
2026-07-17T07:03:19.715449+00:00	error	CLCIND	Upstox API error [400]: {"status":"error","errors":[{"errorCode":"UDAPI100011","message":"Invalid Instrument key","propertyPath":null,"invalidValue":null,"error_code":"UDAPI100011","property_path":null,"invalid_value":null}]}
2026-07-17T07:03:20.430269+00:00	error	CMICABLES	Upstox API error [400]: {"status":"error","errors":[{"errorCode":"UDAPI100011","message":"Invalid Instrument key","propertyPath":null,"invalidValue":null,"error_code":"UDAPI100011","property_path":null,"invalid_value":null}]}
2026-07-17T07:03:39.181755+00:00	error	DIL	Upstox API error [400]: {"status":"error","errors":[{"errorCode":"UDAPI100011","message":"Invalid Instrument key","propertyPath":null,"invalidValue":null,"error_code":"UDAPI100011","property_path":null,"invalid_value":null}]}
2026-07-17T07:03:46.594814+00:00	error	EDUCOMP	Upstox API error [400]: {"status":"error","errors":[{"errorCode":"UDAPI100011","message":"Invalid Instrument key","propertyPath":null,"invalidValue":null,"error_code":"UDAPI100011","property_path":null,"invalid_value":null}]}
2026-07-17T07:03:59.145056+00:00	error	FCONSUMER	Upstox API error [400]: {"status":"error","errors":[{"errorCode":"UDAPI100011","message":"Invalid Instrument key","propertyPath":null,"invalidValue":null,"error_code":"UDAPI100011","property_path":null,"invalid_value":null}]}
2026-07-17T07:04:07.267897+00:00	error	GANGAFO-RE	Upstox API error [400]: {"status":"error","errors":[{"errorCode":"UDAPI100011","message":"Invalid Instrument key","propertyPath":null,"invalidValue":null,"error_code":"UDAPI100011","property_path":null,"invalid_value":null}]}
2026-07-17T07:04:09.720308+00:00	error	GENSOL	Upstox API error [400]: {"status":"error","errors":[{"errorCode":"UDAPI100011","message":"Invalid Instrument key","propertyPath":null,"invalidValue":null,"error_code":"UDAPI100011","property_path":null,"invalid_value":null}]}
2026-07-17T07:04:10.603721+00:00	error	GFSTEELS	Upstox API error [400]: {"status":"error","errors":[{"errorCode":"UDAPI100011","message":"Invalid Instrument key","propertyPath":null,"invalidValue":null,"error_code":"UDAPI100011","property_path":null,"invalid_value":null}]}
2026-07-17T07:04:44.584745+00:00	error	IMPEXFERRO	Upstox API error [400]: {"status":"error","errors":[{"errorCode":"UDAPI100011","message":"Invalid Instrument key","propertyPath":null,"invalidValue":null,"error_code":"UDAPI100011","property_path":null,"invalid_value":null}]}
2026-07-17T07:04:59.703427+00:00	error	JBCHEPHARM	Upstox API error [400]: {"status":"error","errors":[{"errorCode":"UDAPI100011","message":"Invalid Instrument key","propertyPath":null,"invalidValue":null,"error_code":"UDAPI100011","property_path":null,"invalid_value":null}]}
2026-07-17T07:05:51.578973+00:00	error	MORARJEE	Upstox API error [400]: {"status":"error","errors":[{"errorCode":"UDAPI100011","message":"Invalid Instrument key","propertyPath":null,"invalidValue":null,"error_code":"UDAPI100011","property_path":null,"invalid_value":null}]}
2026-07-17T07:05:56.530797+00:00	error	NAGAFERT	Upstox API error [400]: {"status":"error","errors":[{"errorCode":"UDAPI100011","message":"Invalid Instrument key","propertyPath":null,"invalidValue":null,"error_code":"UDAPI100011","property_path":null,"invalid_value":null}]}
2026-07-17T07:06:38.847912+00:00	error	QUINTEGRA	Upstox API error [400]: {"status":"error","errors":[{"errorCode":"UDAPI100011","message":"Invalid Instrument key","propertyPath":null,"invalidValue":null,"error_code":"UDAPI100011","property_path":null,"invalid_value":null}]}
2026-07-17T07:06:41.587982+00:00	error	RAJVIR	Upstox API error [400]: {"status":"error","errors":[{"errorCode":"UDAPI100011","message":"Invalid Instrument key","propertyPath":null,"invalidValue":null,"error_code":"UDAPI100011","property_path":null,"invalid_value":null}]}
2026-07-17T07:06:47.124571+00:00	error	RELINFRA	Upstox API error [400]: {"status":"error","errors":[{"errorCode":"UDAPI100011","message":"Invalid Instrument key","propertyPath":null,"invalidValue":null,"error_code":"UDAPI100011","property_path":null,"invalid_value":null}]}
2026-07-17T07:07:22.806163+00:00	error	SKIL	Upstox API error [400]: {"status":"error","errors":[{"errorCode":"UDAPI100011","message":"Invalid Instrument key","propertyPath":null,"invalidValue":null,"error_code":"UDAPI100011","property_path":null,"invalid_value":null}]}
2026-07-17T07:07:30.252215+00:00	error	SRPL	Upstox API error [400]: {"status":"error","errors":[{"errorCode":"UDAPI100011","message":"Invalid Instrument key","propertyPath":null,"invalidValue":null,"error_code":"UDAPI100011","property_path":null,"invalid_value":null}]}
2026-07-17T07:07:35.564894+00:00	error	SUMEET-RE	Upstox API error [400]: {"status":"error","errors":[{"errorCode":"UDAPI100011","message":"Invalid Instrument key","propertyPath":null,"invalidValue":null,"error_code":"UDAPI100011","property_path":null,"invalid_value":null}]}
2026-07-17T07:08:07.464775+00:00	error	UNIVAFOODS	Upstox API error [400]: {"status":"error","errors":[{"errorCode":"UDAPI100011","message":"Invalid Instrument key","propertyPath":null,"invalidValue":null,"error_code":"UDAPI100011","property_path":null,"invalid_value":null}]}

# ingest started 2026-07-17T07:12:45.036416+00:00 since_last=True concurrency=1 profiles=1
2026-07-17T07:12:46.628466+00:00	error	JBCHEPHARM	NSE returned HTML instead of JSON for JBCHEPHARM (session expired or rate limited). Preview: '\n<!DOCTYPE html>\n<html lang="en">\n<head>\n<meta content="noindex, nofollow" name="robots"/>\n    <meta charset="UTF-8">\n  '
2026-07-17T07:12:46.641491+00:00	skip	JBCHEPHARM	marked ingest_skip (nse_unavailable_or_delisted)

# ingest started 2026-07-17T07:13:25.575570+00:00 since_last=True concurrency=2 profiles=21
2026-07-17T07:13:47.152658+00:00	error	BGLOBAL	NSE returned HTML instead of JSON for BGLOBAL (session expired or rate limited). Preview: '\n<!DOCTYPE html>\n<html lang="en">\n<head>\n<meta content="noindex, nofollow" name="robots"/>\n    <meta charset="UTF-8">\n  '
2026-07-17T07:13:47.176070+00:00	skip	BGLOBAL	marked ingest_skip (ingest_repeat_failure)
2026-07-17T07:13:48.100776+00:00	error	AGSTRA	NSE returned HTML instead of JSON for AGSTRA (session expired or rate limited). Preview: '\n<!DOCTYPE html>\n<html lang="en">\n<head>\n<meta content="noindex, nofollow" name="robots"/>\n    <meta charset="UTF-8">\n  '
2026-07-17T07:13:48.113695+00:00	skip	AGSTRA	marked ingest_skip (ingest_repeat_failure)
2026-07-17T07:14:08.951163+00:00	error	CMICABLES	NSE returned HTML instead of JSON for CMICABLES (session expired or rate limited). Preview: '\n<!DOCTYPE html>\n<html lang="en">\n<head>\n<meta content="noindex, nofollow" name="robots"/>\n    <meta charset="UTF-8">\n  '
2026-07-17T07:14:08.964471+00:00	skip	CMICABLES	marked ingest_skip (ingest_repeat_failure)
2026-07-17T07:14:09.117244+00:00	error	CLCIND	NSE returned HTML instead of JSON for CLCIND (session expired or rate limited). Preview: '\n<!DOCTYPE html>\n<html lang="en">\n<head>\n<meta content="noindex, nofollow" name="robots"/>\n    <meta charset="UTF-8">\n  '
2026-07-17T07:14:09.132378+00:00	skip	CLCIND	marked ingest_skip (ingest_repeat_failure)
2026-07-17T07:14:30.215714+00:00	error	EDUCOMP	NSE returned HTML instead of JSON for EDUCOMP (session expired or rate limited). Preview: '\n<!DOCTYPE html>\n<html lang="en">\n<head>\n<meta content="noindex, nofollow" name="robots"/>\n    <meta charset="UTF-8">\n  '
2026-07-17T07:14:30.231478+00:00	skip	EDUCOMP	marked ingest_skip (ingest_repeat_failure)
2026-07-17T07:14:30.231857+00:00	error	DIL	NSE returned HTML instead of JSON for DIL (session expired or rate limited). Preview: '\n<!DOCTYPE html>\n<html lang="en">\n<head>\n<meta content="noindex, nofollow" name="robots"/>\n    <meta charset="UTF-8">\n  '
2026-07-17T07:14:30.245172+00:00	skip	DIL	marked ingest_skip (ingest_repeat_failure)
2026-07-17T07:14:52.438641+00:00	error	FCONSUMER	NSE returned HTML instead of JSON for FCONSUMER (session expired or rate limited). Preview: '\n<!DOCTYPE html>\n<html lang="en">\n<head>\n<meta content="noindex, nofollow" name="robots"/>\n    <meta charset="UTF-8">\n  '
2026-07-17T07:14:52.462296+00:00	skip	FCONSUMER	marked ingest_skip (ingest_repeat_failure)
2026-07-17T07:14:52.541865+00:00	error	GANGAFO-RE	NSE returned HTML instead of JSON for GANGAFO-RE (session expired or rate limited). Preview: '\n<!DOCTYPE html>\n<html lang="en">\n<head>\n<meta content="noindex, nofollow" name="robots"/>\n    <meta charset="UTF-8">\n  '
2026-07-17T07:14:52.556710+00:00	skip	GANGAFO-RE	marked ingest_skip (ingest_repeat_failure)
2026-07-17T07:15:15.378797+00:00	error	GENSOL	NSE returned HTML instead of JSON for GENSOL (session expired or rate limited). Preview: '\n<!DOCTYPE html>\n<html lang="en">\n<head>\n<meta content="noindex, nofollow" name="robots"/>\n    <meta charset="UTF-8">\n  '
2026-07-17T07:15:15.393825+00:00	skip	GENSOL	marked ingest_skip (ingest_repeat_failure)
2026-07-17T07:15:15.840621+00:00	error	GFSTEELS	NSE returned HTML instead of JSON for GFSTEELS (session expired or rate limited). Preview: '\n<!DOCTYPE html>\n<html lang="en">\n<head>\n<meta content="noindex, nofollow" name="robots"/>\n    <meta charset="UTF-8">\n  '
2026-07-17T07:15:15.855418+00:00	skip	GFSTEELS	marked ingest_skip (ingest_repeat_failure)
2026-07-17T07:15:36.782762+00:00	error	IMPEXFERRO	NSE returned HTML instead of JSON for IMPEXFERRO (session expired or rate limited). Preview: '\n<!DOCTYPE html>\n<html lang="en">\n<head>\n<meta content="noindex, nofollow" name="robots"/>\n    <meta charset="UTF-8">\n  '
2026-07-17T07:15:36.797860+00:00	skip	IMPEXFERRO	marked ingest_skip (ingest_repeat_failure)
2026-07-17T07:15:36.895753+00:00	error	JBCHEPHARM	NSE returned HTML instead of JSON for JBCHEPHARM (session expired or rate limited). Preview: '\n<!DOCTYPE html>\n<html lang="en">\n<head>\n<meta content="noindex, nofollow" name="robots"/>\n    <meta charset="UTF-8">\n  '
2026-07-17T07:15:36.910943+00:00	skip	JBCHEPHARM	marked ingest_skip (ingest_repeat_failure)
2026-07-17T07:16:04.770384+00:00	error	MORARJEE	NSE returned HTML instead of JSON for MORARJEE (session expired or rate limited). Preview: '\n<!DOCTYPE html>\n<html lang="en">\n<head>\n<meta content="noindex, nofollow" name="robots"/>\n    <meta charset="UTF-8">\n  '
2026-07-17T07:16:04.784525+00:00	skip	MORARJEE	marked ingest_skip (ingest_repeat_failure)
2026-07-17T07:16:10.605071+00:00	error	NAGAFERT	NSE returned HTML instead of JSON for NAGAFERT (session expired or rate limited). Preview: '\n<!DOCTYPE html>\n<html lang="en">\n<head>\n<meta content="noindex, nofollow" name="robots"/>\n    <meta charset="UTF-8">\n  '
2026-07-17T07:16:10.620508+00:00	skip	NAGAFERT	marked ingest_skip (ingest_repeat_failure)
2026-07-17T07:16:28.441290+00:00	error	QUINTEGRA	NSE returned HTML instead of JSON for QUINTEGRA (session expired or rate limited). Preview: '\n<!DOCTYPE html>\n<html lang="en">\n<head>\n<meta content="noindex, nofollow" name="robots"/>\n    <meta charset="UTF-8">\n  '
2026-07-17T07:16:28.464941+00:00	skip	QUINTEGRA	marked ingest_skip (ingest_repeat_failure)
2026-07-17T07:16:32.476734+00:00	error	RAJVIR	NSE returned HTML instead of JSON for RAJVIR (session expired or rate limited). Preview: '\n<!DOCTYPE html>\n<html lang="en">\n<head>\n<meta content="noindex, nofollow" name="robots"/>\n    <meta charset="UTF-8">\n  '
2026-07-17T07:16:32.499296+00:00	skip	RAJVIR	marked ingest_skip (ingest_repeat_failure)
2026-07-17T07:16:50.876984+00:00	error	RELINFRA	NSE returned HTML instead of JSON for RELINFRA (session expired or rate limited). Preview: '\n<!DOCTYPE html>\n<html lang="en">\n<head>\n<meta content="noindex, nofollow" name="robots"/>\n    <meta charset="UTF-8">\n  '
2026-07-17T07:16:50.890944+00:00	skip	RELINFRA	marked ingest_skip (ingest_repeat_failure)
2026-07-17T07:16:54.055641+00:00	error	SKIL	NSE returned HTML instead of JSON for SKIL (session expired or rate limited). Preview: '\n<!DOCTYPE html>\n<html lang="en">\n<head>\n<meta content="noindex, nofollow" name="robots"/>\n    <meta charset="UTF-8">\n  '
2026-07-17T07:16:54.069655+00:00	skip	SKIL	marked ingest_skip (ingest_repeat_failure)
2026-07-17T07:17:13.739067+00:00	error	SRPL	NSE returned HTML instead of JSON for SRPL (session expired or rate limited). Preview: '\n<!DOCTYPE html>\n<html lang="en">\n<head>\n<meta content="noindex, nofollow" name="robots"/>\n    <meta charset="UTF-8">\n  '
2026-07-17T07:17:13.755540+00:00	skip	SRPL	marked ingest_skip (ingest_repeat_failure)
2026-07-17T07:17:15.673613+00:00	error	SUMEET-RE	NSE returned HTML instead of JSON for SUMEET-RE (session expired or rate limited). Preview: '\n<!DOCTYPE html>\n<html lang="en">\n<head>\n<meta content="noindex, nofollow" name="robots"/>\n    <meta charset="UTF-8">\n  '
2026-07-17T07:17:15.692304+00:00	skip	SUMEET-RE	marked ingest_skip (ingest_repeat_failure)
2026-07-17T07:17:35.049378+00:00	error	UNIVAFOODS	NSE returned HTML instead of JSON for UNIVAFOODS (session expired or rate limited). Preview: '\n<!DOCTYPE html>\n<html lang="en">\n<head>\n<meta content="noindex, nofollow" name="robots"/>\n    <meta charset="UTF-8">\n  '
2026-07-17T07:17:35.068252+00:00	skip	UNIVAFOODS	marked ingest_skip (ingest_repeat_failure)

# ingest started 2026-07-17T07:18:11.477483+00:00 since_last=True concurrency=1 profiles=1
2026-07-17T07:18:15.320602+00:00	error	JBCHEPHARM	NSE returned HTML instead of JSON for JBCHEPHARM (session expired or rate limited). Preview: '\n<!DOCTYPE html>\n<html lang="en">\n<head>\n<meta content="noindex, nofollow" name="robots"/>\n    <meta charset="UTF-8">\n  '

# ingest started 2026-08-12T06:47:18.661392+00:00 since_last=True concurrency=3 profiles=2423
2026-08-12T06:48:40.978544+00:00	error	BGLOBAL	NSE returned HTML instead of JSON for BGLOBAL (session expired or rate limited). Preview: '\n<!DOCTYPE html>\n<html lang="en">\n<head>\n<meta content="noindex, nofollow" name="robots"/>\n    <meta charset="UTF-8">\n  '
2026-08-12T06:49:14.365829+00:00	error	CMICABLES	NSE returned HTML instead of JSON for CMICABLES (session expired or rate limited). Preview: '\n<!DOCTYPE html>\n<html lang="en">\n<head>\n<meta content="noindex, nofollow" name="robots"/>\n    <meta charset="UTF-8">\n  '
2026-08-12T06:49:41.877817+00:00	error	DIL	NSE returned HTML instead of JSON for DIL (session expired or rate limited). Preview: '\n<!DOCTYPE html>\n<html lang="en">\n<head>\n<meta content="noindex, nofollow" name="robots"/>\n    <meta charset="UTF-8">\n  '
2026-08-12T06:49:51.768827+00:00	error	EDUCOMP	NSE returned HTML instead of JSON for EDUCOMP (session expired or rate limited). Preview: '\n<!DOCTYPE html>\n<html lang="en">\n<head>\n<meta content="noindex, nofollow" name="robots"/>\n    <meta charset="UTF-8">\n  '
2026-08-12T06:50:15.579152+00:00	error	FCONSUMER	NSE returned HTML instead of JSON for FCONSUMER (session expired or rate limited). Preview: '\n<!DOCTYPE html>\n<html lang="en">\n<head>\n<meta content="noindex, nofollow" name="robots"/>\n    <meta charset="UTF-8">\n  '
2026-08-12T06:50:29.285046+00:00	error	GANGAFO-RE	NSE returned HTML instead of JSON for GANGAFO-RE (session expired or rate limited). Preview: '\n<!DOCTYPE html>\n<html lang="en">\n<head>\n<meta content="noindex, nofollow" name="robots"/>\n    <meta charset="UTF-8">\n  '
2026-08-12T06:50:39.251547+00:00	error	GFSTEELS	NSE returned HTML instead of JSON for GFSTEELS (session expired or rate limited). Preview: '\n<!DOCTYPE html>\n<html lang="en">\n<head>\n<meta content="noindex, nofollow" name="robots"/>\n    <meta charset="UTF-8">\n  '
2026-08-12T06:51:48.841900+00:00	error	JBCHEPHARM	NSE returned HTML instead of JSON for JBCHEPHARM (session expired or rate limited). Preview: '\n<!DOCTYPE html>\n<html lang="en">\n<head>\n<meta content="noindex, nofollow" name="robots"/>\n    <meta charset="UTF-8">\n  '
2026-08-12T06:51:54.235869+00:00	error	JLHL	NSE returned HTML instead of JSON for JLHL (session expired or rate limited). Preview: '\n<!DOCTYPE html>\n<html lang="en">\n<head>\n<meta content="noindex, nofollow" name="robots"/>\n    <meta charset="UTF-8">\n  '
2026-08-12T06:53:04.999218+00:00	error	MORARJEE	NSE returned HTML instead of JSON for MORARJEE (session expired or rate limited). Preview: '\n<!DOCTYPE html>\n<html lang="en">\n<head>\n<meta content="noindex, nofollow" name="robots"/>\n    <meta charset="UTF-8">\n  '
2026-08-12T06:53:12.479332+00:00	error	NAGAFERT	NSE returned HTML instead of JSON for NAGAFERT (session expired or rate limited). Preview: '\n<!DOCTYPE html>\n<html lang="en">\n<head>\n<meta content="noindex, nofollow" name="robots"/>\n    <meta charset="UTF-8">\n  '
2026-08-12T06:53:16.009565+00:00	error	NARMADA	NSE returned HTML instead of JSON for NARMADA (session expired or rate limited). Preview: '\n<!DOCTYPE html>\n<html lang="en">\n<head>\n<meta content="noindex, nofollow" name="robots"/>\n    <meta charset="UTF-8">\n  '
2026-08-12T06:53:57.213465+00:00	error	ORTEL	NSE returned HTML instead of JSON for ORTEL (session expired or rate limited). Preview: '\n<!DOCTYPE html>\n<html lang="en">\n<head>\n<meta content="noindex, nofollow" name="robots"/>\n    <meta charset="UTF-8">\n  '
2026-08-12T06:54:18.225533+00:00	error	POCL	NSE returned HTML instead of JSON for POCL (session expired or rate limited). Preview: '\n<!DOCTYPE html>\n<html lang="en">\n<head>\n<meta content="noindex, nofollow" name="robots"/>\n    <meta charset="UTF-8">\n  '
2026-08-12T06:54:35.946347+00:00	error	QUINTEGRA	NSE returned HTML instead of JSON for QUINTEGRA (session expired or rate limited). Preview: '\n<!DOCTYPE html>\n<html lang="en">\n<head>\n<meta content="noindex, nofollow" name="robots"/>\n    <meta charset="UTF-8">\n  '
2026-08-12T06:54:42.272029+00:00	error	RAJVIR	NSE returned HTML instead of JSON for RAJVIR (session expired or rate limited). Preview: '\n<!DOCTYPE html>\n<html lang="en">\n<head>\n<meta content="noindex, nofollow" name="robots"/>\n    <meta charset="UTF-8">\n  '
2026-08-12T06:55:13.276104+00:00	error	SABEVENTS	NSE returned HTML instead of JSON for SABEVENTS (session expired or rate limited). Preview: '\n<!DOCTYPE html>\n<html lang="en">\n<head>\n<meta content="noindex, nofollow" name="robots"/>\n    <meta charset="UTF-8">\n  '
2026-08-12T06:55:48.996173+00:00	error	SKIL	NSE returned HTML instead of JSON for SKIL (session expired or rate limited). Preview: '\n<!DOCTYPE html>\n<html lang="en">\n<head>\n<meta content="noindex, nofollow" name="robots"/>\n    <meta charset="UTF-8">\n  '
2026-08-12T06:55:59.747501+00:00	error	SRPL	NSE returned HTML instead of JSON for SRPL (session expired or rate limited). Preview: '\n<!DOCTYPE html>\n<html lang="en">\n<head>\n<meta content="noindex, nofollow" name="robots"/>\n    <meta charset="UTF-8">\n  '
2026-08-12T06:56:15.446556+00:00	error	SUMEET-RE	NSE returned HTML instead of JSON for SUMEET-RE (session expired or rate limited). Preview: '\n<!DOCTYPE html>\n<html lang="en">\n<head>\n<meta content="noindex, nofollow" name="robots"/>\n    <meta charset="UTF-8">\n  '
2026-08-12T06:56:41.784601+00:00	error	TEMBO	NSE returned HTML instead of JSON for TEMBO (session expired or rate limited). Preview: '\n<!DOCTYPE html>\n<html lang="en">\n<head>\n<meta content="noindex, nofollow" name="robots"/>\n    <meta charset="UTF-8">\n  '
2026-08-12T06:57:09.834505+00:00	error	UNIVAFOODS	NSE returned HTML instead of JSON for UNIVAFOODS (session expired or rate limited). Preview: '\n<!DOCTYPE html>\n<html lang="en">\n<head>\n<meta content="noindex, nofollow" name="robots"/>\n    <meta charset="UTF-8">\n  '
2026-08-12T06:57:40.681674+00:00	error	WINSOME	NSE returned HTML instead of JSON for WINSOME (session expired or rate limited). Preview: '\n<!DOCTYPE html>\n<html lang="en">\n<head>\n<meta content="noindex, nofollow" name="robots"/>\n    <meta charset="UTF-8">\n  '

# ingest started 2026-08-12T17:52:55.974462+00:00 since_last=True concurrency=3 profiles=2423
2026-08-12T17:54:08.122107+00:00	error	BGLOBAL	NSE returned HTML instead of JSON for BGLOBAL (session expired or rate limited). Preview: '\n<!DOCTYPE html>\n<html lang="en">\n<head>\n<meta content="noindex, nofollow" name="robots"/>\n    <meta charset="UTF-8">\n  '
2026-08-12T17:54:34.077333+00:00	error	CMICABLES	NSE returned HTML instead of JSON for CMICABLES (session expired or rate limited). Preview: '\n<!DOCTYPE html>\n<html lang="en">\n<head>\n<meta content="noindex, nofollow" name="robots"/>\n    <meta charset="UTF-8">\n  '
2026-08-12T17:54:58.196657+00:00	error	DIL	NSE returned HTML instead of JSON for DIL (session expired or rate limited). Preview: '\n<!DOCTYPE html>\n<html lang="en">\n<head>\n<meta content="noindex, nofollow" name="robots"/>\n    <meta charset="UTF-8">\n  '
2026-08-12T17:55:10.468420+00:00	error	EDUCOMP	NSE returned HTML instead of JSON for EDUCOMP (session expired or rate limited). Preview: '\n<!DOCTYPE html>\n<html lang="en">\n<head>\n<meta content="noindex, nofollow" name="robots"/>\n    <meta charset="UTF-8">\n  '
2026-08-12T17:55:30.776738+00:00	error	FCONSUMER	NSE returned HTML instead of JSON for FCONSUMER (session expired or rate limited). Preview: '\n<!DOCTYPE html>\n<html lang="en">\n<head>\n<meta content="noindex, nofollow" name="robots"/>\n    <meta charset="UTF-8">\n  '
2026-08-12T17:55:43.812463+00:00	error	GANGAFO-RE	NSE returned HTML instead of JSON for GANGAFO-RE (session expired or rate limited). Preview: '\n<!DOCTYPE html>\n<html lang="en">\n<head>\n<meta content="noindex, nofollow" name="robots"/>\n    <meta charset="UTF-8">\n  '
2026-08-12T17:55:54.278919+00:00	error	GFSTEELS	NSE returned HTML instead of JSON for GFSTEELS (session expired or rate limited). Preview: '\n<!DOCTYPE html>\n<html lang="en">\n<head>\n<meta content="noindex, nofollow" name="robots"/>\n    <meta charset="UTF-8">\n  '
2026-08-12T17:56:55.432834+00:00	error	JLHL	NSE returned HTML instead of JSON for JLHL (session expired or rate limited). Preview: '\n<!DOCTYPE html>\n<html lang="en">\n<head>\n<meta content="noindex, nofollow" name="robots"/>\n    <meta charset="UTF-8">\n  '
2026-08-12T17:56:55.467635+00:00	error	JBCHEPHARM	NSE returned HTML instead of JSON for JBCHEPHARM (session expired or rate limited). Preview: '\n<!DOCTYPE html>\n<html lang="en">\n<head>\n<meta content="noindex, nofollow" name="robots"/>\n    <meta charset="UTF-8">\n  '
2026-08-12T17:57:57.526538+00:00	error	MORARJEE	NSE returned HTML instead of JSON for MORARJEE (session expired or rate limited). Preview: '\n<!DOCTYPE html>\n<html lang="en">\n<head>\n<meta content="noindex, nofollow" name="robots"/>\n    <meta charset="UTF-8">\n  '
2026-08-12T17:58:02.703138+00:00	error	NAGAFERT	NSE returned HTML instead of JSON for NAGAFERT (session expired or rate limited). Preview: '\n<!DOCTYPE html>\n<html lang="en">\n<head>\n<meta content="noindex, nofollow" name="robots"/>\n    <meta charset="UTF-8">\n  '
2026-08-12T17:58:06.545089+00:00	error	NARMADA	NSE returned HTML instead of JSON for NARMADA (session expired or rate limited). Preview: '\n<!DOCTYPE html>\n<html lang="en">\n<head>\n<meta content="noindex, nofollow" name="robots"/>\n    <meta charset="UTF-8">\n  '
2026-08-12T17:58:47.226916+00:00	error	ORTEL	NSE returned HTML instead of JSON for ORTEL (session expired or rate limited). Preview: '\n<!DOCTYPE html>\n<html lang="en">\n<head>\n<meta content="noindex, nofollow" name="robots"/>\n    <meta charset="UTF-8">\n  '
2026-08-12T17:59:02.690395+00:00	error	POCL	NSE returned HTML instead of JSON for POCL (session expired or rate limited). Preview: '\n<!DOCTYPE html>\n<html lang="en">\n<head>\n<meta content="noindex, nofollow" name="robots"/>\n    <meta charset="UTF-8">\n  '
2026-08-12T17:59:22.020562+00:00	error	QUINTEGRA	NSE returned HTML instead of JSON for QUINTEGRA (session expired or rate limited). Preview: '\n<!DOCTYPE html>\n<html lang="en">\n<head>\n<meta content="noindex, nofollow" name="robots"/>\n    <meta charset="UTF-8">\n  '
2026-08-12T17:59:28.393431+00:00	error	RAJVIR	NSE returned HTML instead of JSON for RAJVIR (session expired or rate limited). Preview: '\n<!DOCTYPE html>\n<html lang="en">\n<head>\n<meta content="noindex, nofollow" name="robots"/>\n    <meta charset="UTF-8">\n  '
2026-08-12T17:59:59.741010+00:00	error	SABEVENTS	NSE returned HTML instead of JSON for SABEVENTS (session expired or rate limited). Preview: '\n<!DOCTYPE html>\n<html lang="en">\n<head>\n<meta content="noindex, nofollow" name="robots"/>\n    <meta charset="UTF-8">\n  '
2026-08-12T18:00:32.069072+00:00	error	SKIL	NSE returned HTML instead of JSON for SKIL (session expired or rate limited). Preview: '\n<!DOCTYPE html>\n<html lang="en">\n<head>\n<meta content="noindex, nofollow" name="robots"/>\n    <meta charset="UTF-8">\n  '
2026-08-12T18:00:40.642592+00:00	error	SRPL	NSE returned HTML instead of JSON for SRPL (session expired or rate limited). Preview: '\n<!DOCTYPE html>\n<html lang="en">\n<head>\n<meta content="noindex, nofollow" name="robots"/>\n    <meta charset="UTF-8">\n  '
2026-08-12T18:00:55.273832+00:00	error	SUMEET-RE	NSE returned HTML instead of JSON for SUMEET-RE (session expired or rate limited). Preview: '\n<!DOCTYPE html>\n<html lang="en">\n<head>\n<meta content="noindex, nofollow" name="robots"/>\n    <meta charset="UTF-8">\n  '
2026-08-12T18:01:21.989814+00:00	error	TEMBO	NSE returned HTML instead of JSON for TEMBO (session expired or rate limited). Preview: '\n<!DOCTYPE html>\n<html lang="en">\n<head>\n<meta content="noindex, nofollow" name="robots"/>\n    <meta charset="UTF-8">\n  '
2026-08-12T18:01:44.920082+00:00	error	UNIVAFOODS	NSE returned HTML instead of JSON for UNIVAFOODS (session expired or rate limited). Preview: '\n<!DOCTYPE html>\n<html lang="en">\n<head>\n<meta content="noindex, nofollow" name="robots"/>\n    <meta charset="UTF-8">\n  '
2026-08-12T18:02:12.827690+00:00	error	WINSOME	NSE returned HTML instead of JSON for WINSOME (session expired or rate limited). Preview: '\n<!DOCTYPE html>\n<html lang="en">\n<head>\n<meta content="noindex, nofollow" name="robots"/>\n    <meta charset="UTF-8">\n  '

# ingest started 2026-08-12T18:03:58.042575+00:00 since_last=True concurrency=3 profiles=2423

# ingest started 2026-08-13T04:34:18.325997+00:00 since_last=True concurrency=3 profiles=2423
2026-08-13T04:35:37.702769+00:00	error	BGLOBAL	NSE returned HTML instead of JSON for BGLOBAL (session expired or rate limited). Preview: '\n<!DOCTYPE html>\n<html lang="en">\n<head>\n<meta content="noindex, nofollow" name="robots"/>\n    <meta charset="UTF-8">\n  '
2026-08-13T04:36:08.746153+00:00	error	CMICABLES	NSE returned HTML instead of JSON for CMICABLES (session expired or rate limited). Preview: '\n<!DOCTYPE html>\n<html lang="en">\n<head>\n<meta content="noindex, nofollow" name="robots"/>\n    <meta charset="UTF-8">\n  '
2026-08-13T04:36:36.392606+00:00	error	DIL	NSE returned HTML instead of JSON for DIL (session expired or rate limited). Preview: '\n<!DOCTYPE html>\n<html lang="en">\n<head>\n<meta content="noindex, nofollow" name="robots"/>\n    <meta charset="UTF-8">\n  '
2026-08-13T04:36:47.051804+00:00	error	EDUCOMP	NSE returned HTML instead of JSON for EDUCOMP (session expired or rate limited). Preview: '\n<!DOCTYPE html>\n<html lang="en">\n<head>\n<meta content="noindex, nofollow" name="robots"/>\n    <meta charset="UTF-8">\n  '
2026-08-13T04:37:13.526529+00:00	error	FCONSUMER	NSE returned HTML instead of JSON for FCONSUMER (session expired or rate limited). Preview: '\n<!DOCTYPE html>\n<html lang="en">\n<head>\n<meta content="noindex, nofollow" name="robots"/>\n    <meta charset="UTF-8">\n  '
2026-08-13T04:37:24.645994+00:00	error	GANGAFO-RE	NSE returned HTML instead of JSON for GANGAFO-RE (session expired or rate limited). Preview: '\n<!DOCTYPE html>\n<html lang="en">\n<head>\n<meta content="noindex, nofollow" name="robots"/>\n    <meta charset="UTF-8">\n  '
2026-08-13T04:37:35.993647+00:00	error	GFSTEELS	NSE returned HTML instead of JSON for GFSTEELS (session expired or rate limited). Preview: '\n<!DOCTYPE html>\n<html lang="en">\n<head>\n<meta content="noindex, nofollow" name="robots"/>\n    <meta charset="UTF-8">\n  '
2026-08-13T04:38:50.415246+00:00	error	JBCHEPHARM	NSE returned HTML instead of JSON for JBCHEPHARM (session expired or rate limited). Preview: '\n<!DOCTYPE html>\n<html lang="en">\n<head>\n<meta content="noindex, nofollow" name="robots"/>\n    <meta charset="UTF-8">\n  '
2026-08-13T04:39:00.808611+00:00	error	JLHL	NSE returned HTML instead of JSON for JLHL (session expired or rate limited). Preview: '\n<!DOCTYPE html>\n<html lang="en">\n<head>\n<meta content="noindex, nofollow" name="robots"/>\n    <meta charset="UTF-8">\n  '
2026-08-13T04:40:15.485761+00:00	error	MORARJEE	NSE returned HTML instead of JSON for MORARJEE (session expired or rate limited). Preview: '\n<!DOCTYPE html>\n<html lang="en">\n<head>\n<meta content="noindex, nofollow" name="robots"/>\n    <meta charset="UTF-8">\n  '
2026-08-13T04:40:15.747391+00:00	error	NARMADA	NSE returned HTML instead of JSON for NARMADA (session expired or rate limited). Preview: '\n<!DOCTYPE html>\n<html lang="en">\n<head>\n<meta content="noindex, nofollow" name="robots"/>\n    <meta charset="UTF-8">\n  '
2026-08-13T04:40:19.925734+00:00	error	NAGAFERT	NSE returned HTML instead of JSON for NAGAFERT (session expired or rate limited). Preview: '\n<!DOCTYPE html>\n<html lang="en">\n<head>\n<meta content="noindex, nofollow" name="robots"/>\n    <meta charset="UTF-8">\n  '
2026-08-13T04:41:22.582776+00:00	error	POCL	NSE returned HTML instead of JSON for POCL (session expired or rate limited). Preview: '\n<!DOCTYPE html>\n<html lang="en">\n<head>\n<meta content="noindex, nofollow" name="robots"/>\n    <meta charset="UTF-8">\n  '
2026-08-13T04:41:34.621034+00:00	error	ORTEL	NSE returned HTML instead of JSON for ORTEL (session expired or rate limited). Preview: '\n<!DOCTYPE html>\n<html lang="en">\n<head>\n<meta content="noindex, nofollow" name="robots"/>\n    <meta charset="UTF-8">\n  '
2026-08-13T04:41:57.017436+00:00	error	QUINTEGRA	NSE returned HTML instead of JSON for QUINTEGRA (session expired or rate limited). Preview: '\n<!DOCTYPE html>\n<html lang="en">\n<head>\n<meta content="noindex, nofollow" name="robots"/>\n    <meta charset="UTF-8">\n  '
2026-08-13T04:42:16.832454+00:00	error	RAJVIR	NSE returned HTML instead of JSON for RAJVIR (session expired or rate limited). Preview: '\n<!DOCTYPE html>\n<html lang="en">\n<head>\n<meta content="noindex, nofollow" name="robots"/>\n    <meta charset="UTF-8">\n  '
2026-08-13T04:42:50.941948+00:00	error	SABEVENTS	NSE returned HTML instead of JSON for SABEVENTS (session expired or rate limited). Preview: '\n<!DOCTYPE html>\n<html lang="en">\n<head>\n<meta content="noindex, nofollow" name="robots"/>\n    <meta charset="UTF-8">\n  '
2026-08-13T04:43:25.480782+00:00	error	SKIL	NSE returned HTML instead of JSON for SKIL (session expired or rate limited). Preview: '\n<!DOCTYPE html>\n<html lang="en">\n<head>\n<meta content="noindex, nofollow" name="robots"/>\n    <meta charset="UTF-8">\n  '
2026-08-13T04:43:45.091988+00:00	error	SRPL	NSE returned HTML instead of JSON for SRPL (session expired or rate limited). Preview: '\n<!DOCTYPE html>\n<html lang="en">\n<head>\n<meta content="noindex, nofollow" name="robots"/>\n    <meta charset="UTF-8">\n  '
2026-08-13T04:43:54.676470+00:00	error	SUMEET-RE	NSE returned HTML instead of JSON for SUMEET-RE (session expired or rate limited). Preview: '\n<!DOCTYPE html>\n<html lang="en">\n<head>\n<meta content="noindex, nofollow" name="robots"/>\n    <meta charset="UTF-8">\n  '
2026-08-13T04:44:31.135088+00:00	error	TEMBO	NSE returned HTML instead of JSON for TEMBO (session expired or rate limited). Preview: '\n<!DOCTYPE html>\n<html lang="en">\n<head>\n<meta content="noindex, nofollow" name="robots"/>\n    <meta charset="UTF-8">\n  '
2026-08-13T04:44:57.320876+00:00	error	UNIVAFOODS	NSE returned HTML instead of JSON for UNIVAFOODS (session expired or rate limited). Preview: '\n<!DOCTYPE html>\n<html lang="en">\n<head>\n<meta content="noindex, nofollow" name="robots"/>\n    <meta charset="UTF-8">\n  '
2026-08-13T04:45:35.341919+00:00	error	WINSOME	NSE returned HTML instead of JSON for WINSOME (session expired or rate limited). Preview: '\n<!DOCTYPE html>\n<html lang="en">\n<head>\n<meta content="noindex, nofollow" name="robots"/>\n    <meta charset="UTF-8">\n  '

# ingest started 2026-08-13T19:40:22.597526+00:00 since_last=True concurrency=3 profiles=2423

# ingest started 2026-08-13T19:45:04.688478+00:00 since_last=True concurrency=3 profiles=2423
2026-08-13T19:46:23.910752+00:00	error	BGLOBAL	NSE returned HTML instead of JSON for BGLOBAL (session expired or rate limited). Preview: '\n<!DOCTYPE html>\n<html lang="en">\n<head>\n<meta content="noindex, nofollow" name="robots"/>\n    <meta charset="UTF-8">\n  '
2026-08-13T19:46:53.511756+00:00	error	CMICABLES	NSE returned HTML instead of JSON for CMICABLES (session expired or rate limited). Preview: '\n<!DOCTYPE html>\n<html lang="en">\n<head>\n<meta content="noindex, nofollow" name="robots"/>\n    <meta charset="UTF-8">\n  '
2026-08-13T19:47:21.295068+00:00	error	DIL	NSE returned HTML instead of JSON for DIL (session expired or rate limited). Preview: '\n<!DOCTYPE html>\n<html lang="en">\n<head>\n<meta content="noindex, nofollow" name="robots"/>\n    <meta charset="UTF-8">\n  '
2026-08-13T19:47:32.982415+00:00	error	EDUCOMP	NSE returned HTML instead of JSON for EDUCOMP (session expired or rate limited). Preview: '\n<!DOCTYPE html>\n<html lang="en">\n<head>\n<meta content="noindex, nofollow" name="robots"/>\n    <meta charset="UTF-8">\n  '
2026-08-13T19:47:58.342431+00:00	error	FCONSUMER	NSE returned HTML instead of JSON for FCONSUMER (session expired or rate limited). Preview: '\n<!DOCTYPE html>\n<html lang="en">\n<head>\n<meta content="noindex, nofollow" name="robots"/>\n    <meta charset="UTF-8">\n  '
2026-08-13T19:48:10.437262+00:00	error	GANGAFO-RE	NSE returned HTML instead of JSON for GANGAFO-RE (session expired or rate limited). Preview: '\n<!DOCTYPE html>\n<html lang="en">\n<head>\n<meta content="noindex, nofollow" name="robots"/>\n    <meta charset="UTF-8">\n  '
2026-08-13T19:48:21.480696+00:00	error	GFSTEELS	NSE returned HTML instead of JSON for GFSTEELS (session expired or rate limited). Preview: '\n<!DOCTYPE html>\n<html lang="en">\n<head>\n<meta content="noindex, nofollow" name="robots"/>\n    <meta charset="UTF-8">\n  '
2026-08-13T19:49:26.312424+00:00	error	JBCHEPHARM	NSE returned HTML instead of JSON for JBCHEPHARM (session expired or rate limited). Preview: '\n<!DOCTYPE html>\n<html lang="en">\n<head>\n<meta content="noindex, nofollow" name="robots"/>\n    <meta charset="UTF-8">\n  '
2026-08-13T19:49:29.869285+00:00	error	JLHL	NSE returned HTML instead of JSON for JLHL (session expired or rate limited). Preview: '\n<!DOCTYPE html>\n<html lang="en">\n<head>\n<meta content="noindex, nofollow" name="robots"/>\n    <meta charset="UTF-8">\n  '
2026-08-13T19:50:39.579196+00:00	error	MORARJEE	NSE returned HTML instead of JSON for MORARJEE (session expired or rate limited). Preview: '\n<!DOCTYPE html>\n<html lang="en">\n<head>\n<meta content="noindex, nofollow" name="robots"/>\n    <meta charset="UTF-8">\n  '
2026-08-13T19:50:44.125870+00:00	error	NAGAFERT	NSE returned HTML instead of JSON for NAGAFERT (session expired or rate limited). Preview: '\n<!DOCTYPE html>\n<html lang="en">\n<head>\n<meta content="noindex, nofollow" name="robots"/>\n    <meta charset="UTF-8">\n  '
2026-08-13T19:50:48.563923+00:00	error	NARMADA	NSE returned HTML instead of JSON for NARMADA (session expired or rate limited). Preview: '\n<!DOCTYPE html>\n<html lang="en">\n<head>\n<meta content="noindex, nofollow" name="robots"/>\n    <meta charset="UTF-8">\n  '
2026-08-13T19:51:32.961182+00:00	error	ORTEL	NSE returned HTML instead of JSON for ORTEL (session expired or rate limited). Preview: '\n<!DOCTYPE html>\n<html lang="en">\n<head>\n<meta content="noindex, nofollow" name="robots"/>\n    <meta charset="UTF-8">\n  '
2026-08-13T19:51:50.469065+00:00	error	POCL	NSE returned HTML instead of JSON for POCL (session expired or rate limited). Preview: '\n<!DOCTYPE html>\n<html lang="en">\n<head>\n<meta content="noindex, nofollow" name="robots"/>\n    <meta charset="UTF-8">\n  '
2026-08-13T19:52:09.763855+00:00	error	QUINTEGRA	NSE returned HTML instead of JSON for QUINTEGRA (session expired or rate limited). Preview: '\n<!DOCTYPE html>\n<html lang="en">\n<head>\n<meta content="noindex, nofollow" name="robots"/>\n    <meta charset="UTF-8">\n  '
2026-08-13T19:52:17.182106+00:00	error	RAJVIR	NSE returned HTML instead of JSON for RAJVIR (session expired or rate limited). Preview: '\n<!DOCTYPE html>\n<html lang="en">\n<head>\n<meta content="noindex, nofollow" name="robots"/>\n    <meta charset="UTF-8">\n  '
2026-08-13T19:52:49.733975+00:00	error	SABEVENTS	NSE returned HTML instead of JSON for SABEVENTS (session expired or rate limited). Preview: '\n<!DOCTYPE html>\n<html lang="en">\n<head>\n<meta content="noindex, nofollow" name="robots"/>\n    <meta charset="UTF-8">\n  '
2026-08-13T19:53:24.500312+00:00	error	SKIL	NSE returned HTML instead of JSON for SKIL (session expired or rate limited). Preview: '\n<!DOCTYPE html>\n<html lang="en">\n<head>\n<meta content="noindex, nofollow" name="robots"/>\n    <meta charset="UTF-8">\n  '
2026-08-13T19:53:33.784289+00:00	error	SRPL	NSE returned HTML instead of JSON for SRPL (session expired or rate limited). Preview: '\n<!DOCTYPE html>\n<html lang="en">\n<head>\n<meta content="noindex, nofollow" name="robots"/>\n    <meta charset="UTF-8">\n  '
2026-08-13T19:53:48.083419+00:00	error	SUMEET-RE	NSE returned HTML instead of JSON for SUMEET-RE (session expired or rate limited). Preview: '\n<!DOCTYPE html>\n<html lang="en">\n<head>\n<meta content="noindex, nofollow" name="robots"/>\n    <meta charset="UTF-8">\n  '
2026-08-13T19:54:18.245361+00:00	error	TEMBO	NSE returned HTML instead of JSON for TEMBO (session expired or rate limited). Preview: '\n<!DOCTYPE html>\n<html lang="en">\n<head>\n<meta content="noindex, nofollow" name="robots"/>\n    <meta charset="UTF-8">\n  '
2026-08-13T19:54:42.384714+00:00	error	UNIVAFOODS	NSE returned HTML instead of JSON for UNIVAFOODS (session expired or rate limited). Preview: '\n<!DOCTYPE html>\n<html lang="en">\n<head>\n<meta content="noindex, nofollow" name="robots"/>\n    <meta charset="UTF-8">\n  '
2026-08-13T19:55:11.771167+00:00	error	WINSOME	NSE returned HTML instead of JSON for WINSOME (session expired or rate limited). Preview: '\n<!DOCTYPE html>\n<html lang="en">\n<head>\n<meta content="noindex, nofollow" name="robots"/>\n    <meta charset="UTF-8">\n  '

# ingest started 2026-08-13T19:59:11.020610+00:00 since_last=True concurrency=3 profiles=2423

# ingest started 2026-08-14T19:02:20.412475+00:00 since_last=True concurrency=3 profiles=2423
2026-08-14T19:13:42.858822+00:00	error	BGLOBAL	NSE returned HTML instead of JSON for BGLOBAL (session expired or rate limited). Preview: '\n<!DOCTYPE html>\n<html lang="en">\n<head>\n<meta content="noindex, nofollow" name="robots"/>\n    <meta charset="UTF-8">\n  '
2026-08-14T19:14:08.476151+00:00	error	CMICABLES	NSE returned HTML instead of JSON for CMICABLES (session expired or rate limited). Preview: '\n<!DOCTYPE html>\n<html lang="en">\n<head>\n<meta content="noindex, nofollow" name="robots"/>\n    <meta charset="UTF-8">\n  '
2026-08-14T19:15:01.376514+00:00	error	DIL	NSE returned HTML instead of JSON for DIL (session expired or rate limited). Preview: '\n<!DOCTYPE html>\n<html lang="en">\n<head>\n<meta content="noindex, nofollow" name="robots"/>\n    <meta charset="UTF-8">\n  '
2026-08-14T19:24:33.909202+00:00	error	EDUCOMP	NSE returned HTML instead of JSON for EDUCOMP (session expired or rate limited). Preview: '\n<!DOCTYPE html>\n<html lang="en">\n<head>\n<meta content="noindex, nofollow" name="robots"/>\n    <meta charset="UTF-8">\n  '
2026-08-14T19:25:12.995140+00:00	error	FCONSUMER	NSE returned HTML instead of JSON for FCONSUMER (session expired or rate limited). Preview: '\n<!DOCTYPE html>\n<html lang="en">\n<head>\n<meta content="noindex, nofollow" name="robots"/>\n    <meta charset="UTF-8">\n  '
2026-08-14T19:25:55.741243+00:00	error	GANGAFO-RE	NSE returned HTML instead of JSON for GANGAFO-RE (session expired or rate limited). Preview: '\n<!DOCTYPE html>\n<html lang="en">\n<head>\n<meta content="noindex, nofollow" name="robots"/>\n    <meta charset="UTF-8">\n  '
2026-08-14T19:35:20.121811+00:00	error	GFSTEELS	NSE returned HTML instead of JSON for GFSTEELS (session expired or rate limited). Preview: '\n<!DOCTYPE html>\n<html lang="en">\n<head>\n<meta content="noindex, nofollow" name="robots"/>\n    <meta charset="UTF-8">\n  '
2026-08-14T19:37:23.394853+00:00	error	JBCHEPHARM	NSE returned HTML instead of JSON for JBCHEPHARM (session expired or rate limited). Preview: '\n<!DOCTYPE html>\n<html lang="en">\n<head>\n<meta content="noindex, nofollow" name="robots"/>\n    <meta charset="UTF-8">\n  '
2026-08-14T19:37:26.309661+00:00	error	JLHL	NSE returned HTML instead of JSON for JLHL (session expired or rate limited). Preview: '\n<!DOCTYPE html>\n<html lang="en">\n<head>\n<meta content="noindex, nofollow" name="robots"/>\n    <meta charset="UTF-8">\n  '
2026-08-14T19:48:02.566068+00:00	error	MORARJEE	NSE returned HTML instead of JSON for MORARJEE (session expired or rate limited). Preview: '\n<!DOCTYPE html>\n<html lang="en">\n<head>\n<meta content="noindex, nofollow" name="robots"/>\n    <meta charset="UTF-8">\n  '
2026-08-14T19:48:10.835029+00:00	error	NAGAFERT	NSE returned HTML instead of JSON for NAGAFERT (session expired or rate limited). Preview: '\n<!DOCTYPE html>\n<html lang="en">\n<head>\n<meta content="noindex, nofollow" name="robots"/>\n    <meta charset="UTF-8">\n  '
2026-08-14T19:48:10.854731+00:00	error	NARMADA	NSE returned HTML instead of JSON for NARMADA (session expired or rate limited). Preview: '\n<!DOCTYPE html>\n<html lang="en">\n<head>\n<meta content="noindex, nofollow" name="robots"/>\n    <meta charset="UTF-8">\n  '
